exports[`Store should handle a flurry of actions 1`] = `
Object {
  "name": "1/31 23:14:01",
  "dateCreated": "1/31 23:14:01",
  "dateDue": "1/31 23:14:01",
  "dateModified": "1/31 23:14:01",
  "dateCompleted": "1/31 23:14:01",
  "completed": false,
  "notes": "Lots of notes."
}
`;
